
> readable-studio@1.2.1 guard D:\readable-studio
> tsx ./scripts/check-home-capabilities.ts && tsx ./scripts/guard.ts && node --import tsx --test scripts/style-policy.test.ts scripts/product-neutrality.test.ts scripts/check-cross-app-imports.test.ts scripts/postinstall.test.ts scripts/bundled-copy-language.test.ts scripts/json-resources.test.ts

Home capability structural guard passed: 105 controls, 105 assertions.
Readable workspace identity passed: 0 findings.
Residual JavaScript check passed: project-owned code is TypeScript-only.
Bundled copy language check passed: runtime defaults contain no unscoped Han script characters and canonical copies match.
Package dependency spec check passed: 22 package.json files, 161 exact specs, 47 workspace:* specs.
Product-neutrality check passed: public docs, contracts, and prompts use generic orchestrator naming.
Daemon Windows footgun check passed: daemon tests and source avoid literal /tmp filesystem calls and immediate post-await exits.
Cross-app import check passed: apps do not import another app's private implementation.
Test layout check passed: apps/packages/tools tests live in sibling tests directories.
E2E layout check passed: Vitest, Playwright UI, resources, lib, and scripts stay in their lanes.
Web test layout check passed: web tests stay lightweight and Vitest-only.
Tools layout check passed: tools/ top-level entries match the active boundary allowlist.
Web theme token parity and recipes passed: 10 named themes match the 92-token source contract and 49 Hub material tokens derive from semantic sources.
Style policy check passed: Tailwind palette classes and enforced hardcoded UI colors stay token-first.
No-checkbox UI check passed: 516 production TypeScript, TSX, and CSS files checked.
Design system manifest check passed: 150 project manifests valid; DESIGN.md-only systems skipped.
Design system package quality passed: 150 migrated packages checked; average score 100.
Design system component fixture report: scanned 150 components.html fixtures.
Design system component fixture selector coverage:
- buttons: 132/150 fixtures include .btn, .btn-primary, .btn-secondary, :hover, :focus-visible
- inputs: 147/150 fixtures include .field, input, label
- cards: 60/150 fixtures include .card
- badges: 42/150 fixtures include .badge
- links: 51/150 fixtures include a
- keyboard: 47/150 fixtures include kbd
- icons: 60/150 fixtures include .icon
- typography: 46/150 fixtures include h1, h2, h3, .lead, .eyebrow, .body-muted, .body-sm
- layout: 47/150 fixtures include .container, section, .stack-3, .stack-4, .stack-6, .row-between
Design system component fixture report: most common selector gaps (report-only):
- badges .badge: missing in 108/150
- layout .row-between: missing in 103/150
- keyboard kbd: missing in 103/150
- links a: missing in 99/150
- cards .card: missing in 90/150
- icons .icon: missing in 90/150
- typography .body-sm: missing in 88/150
- layout .stack-6: missing in 87/150
- typography .body-muted: missing in 85/150
- layout .stack-3: missing in 84/150
- layout .stack-4: missing in 84/150
- buttons .btn-secondary: missing in 18/150
- typography .lead: missing in 13/150
- typography .eyebrow: missing in 7/150
- buttons .btn-primary: missing in 5/150
- inputs .field: missing in 3/150
Design system component fixture literal inventory (outside :root): 886 color expressions, 4163 px values, 827 hardcoded font-family declarations.
Design system component fixture report: top literal-heavy fixtures (report-only):
- design-systems/raycast/components.html: 36 colors, 79 px, 7 font-family
- design-systems/binance/components.html: 30 colors, 45 px, 5 font-family
- design-systems/stripe/components.html: 15 colors, 51 px, 9 font-family
- design-systems/airbnb/components.html: 1 colors, 61 px, 12 font-family
- design-systems/spacex/components.html: 18 colors, 49 px, 7 font-family
- design-systems/mintlify/components.html: 12 colors, 50 px, 9 font-family
- design-systems/resend/components.html: 16 colors, 42 px, 12 font-family
- design-systems/vercel/components.html: 17 colors, 41 px, 10 font-family
- design-systems/xiaohongshu/components.html: 12 colors, 45 px, 9 font-family
- design-systems/arc/components.html: 17 colors, 39 px, 8 font-family
Design system component fixture report completed in report-only mode.
Design system token-fixture sync passed: 150 brand pairs aligned (components.html :root matches tokens.css :root).
Design system A1 required tokens passed: 150 brands declare all 26 A1 tokens.
Design system A2 required tokens passed: 150 brands declare all 26 A2 tokens.
Design system B-slot required tokens passed: 150 brands declare all 4 B-slot tokens.
Design system unknown token allowlist passed: 8418 declarations across 150 brands all match shared schema or brand extensions.
Design system A2 defaults parity passed: 26 A2 fallbacks match tokens.schema.ts ↔ defaults.css byte-for-byte.
Design system flag parity passed: 0 prose-only brands produce byte-identical prompts under READABLE_DESIGN_TOKEN_CHANNEL flag-off vs flag-on; 150 structured brands show the expected token-channel divergence.
Design system component manifest extraction passed: 150 fixtures summarized (7867 selectors across 1145 present component groups).
Bundled copy language violations found:
- skills/example/SKILL.md:4 `中`
- skills/example/SKILL.md:4 `文`
- skills/example/SKILL.md:4 `未`
- skills/example/SKILL.md:4 `授`
- skills/example/SKILL.md:4 `权`
- skills/example/SKILL.md:6 `默`
- skills/example/SKILL.md:6 `认`
- skills/example/SKILL.md:6 `文`
- skills/example/SKILL.md:6 `案`
- design-templates/example/example.html:1 `预`
- design-templates/example/example.html:1 `览`
- design-templates/example/example.html:1 `文`
- design-templates/example/example.html:1 `案`
- design-templates/example/references/guide.md:1 `嵌`
- design-templates/example/references/guide.md:1 `套`
- design-templates/example/references/guide.md:1 `文`
- design-templates/example/references/guide.md:1 `案`
- plugins/_official/examples/example/readable-studio.json:1 `默`
- plugins/_official/examples/example/readable-studio.json:1 `认`
- plugins/_official/examples/example/readable-studio.json:1 `文`
- plugins/_official/examples/example/readable-studio.json:1 `案`
✔ bundled copy guard rejects Chinese SKILL, preview, and nested side-file copy (230.9425ms)
Bundled copy language check passed: runtime defaults contain no unscoped Han script characters and canonical copies match.
✔ bundled copy guard permits explicit translations in manifests and reviewed Japanese previews (67.6119ms)
Bundled copy language violations found:
- plugins/_official/examples/example/readable-studio.json:1 `日`
- plugins/_official/examples/example/readable-studio.json:1 `本`
- plugins/_official/examples/example/readable-studio.json:1 `語`
- plugins/_official/examples/example/readable-studio.json:1 `日`
- plugins/_official/examples/example/readable-studio.json:1 `本`
- plugins/_official/examples/example/readable-studio.json:1 `語`
- plugins/_official/examples/example/readable-studio.json:1 `日`
- plugins/_official/examples/example/readable-studio.json:1 `本`
- plugins/_official/examples/example/readable-studio.json:1 `語`
- plugins/_official/examples/example/readable-studio.json:1 `日`
- plugins/_official/examples/example/readable-studio.json:1 `本`
- plugins/_official/examples/example/readable-studio.json:1 `語`
✔ bundled copy guard rejects arbitrary Japanese/Han manifest properties (26.0404ms)
Bundled copy language violations found:
- plugins/_official/examples/example/readable-studio.json:1 `中`
- plugins/_official/examples/example/readable-studio.json:1 `文`
✔ bundled copy guard rejects Han defaults beside localized manifest maps (29.4442ms)
Bundled canonical copy violations found:
- design-templates/example/example.html diverged from plugins/_official/examples/example/example.html
✔ bundled copy guard compares every shared copy's user-visible default content (40.3904ms)
Bundled copy language violations found:
- design-templates/example/example.html:1 `Open Design`
- plugins/_official/examples/example/example.html:1 `Open Design`
✔ rejects stale generated identity even when canonical and derived copies agree (35.0104ms)
✔ rejects stale active fixture contracts (28.48ms)
✔ preserves raw provenance through exact path and hash ownership (7.753ms)
✔ every current shared catalogue file is classified, including intentionally independent copies (1637.3808ms)
✔ cross-app import check rejects web importing daemon src via relative path (13.712ms)
✔ cross-app import check rejects another app's package name (7.7398ms)
✔ cross-app import check rejects another app's package name in require.resolve (1.8848ms)
✔ cross-app import check rejects createRequire-based cross-app resolution (3.793ms)
✔ cross-app import check rejects CommonJS node:module namespace createRequire resolution (2.0723ms)
✔ cross-app import check rejects cross-app imports from app-owned mjs entrypoints (1.0273ms)
✔ cross-app import check rejects export-from and apps/ rooted specifiers (1.4379ms)
✔ cross-app import check allows packages, same-app relatives, and externals (1.2416ms)
✔ cross-app import check ignores quoted snippets and comments (1.2764ms)
✔ cross-app import check ignores relatives that escape apps/ without hitting a registered app (1.0458ms)
✔ cross-app import check allows allowlisted packaged -> desktop main export (0.7997ms)
✔ cross-app import check ignores files outside apps/ (0.6454ms)
✔ app registry loading fails loudly when an app manifest is malformed (38.3853ms)
✔ app registry loading rejects parseable app manifests without a package name (10.4041ms)
✔ JSON resource discovery is explicitly depth-bounded (1.7005ms)
✔ every shipped JSON resource parses (2343.3959ms)
✔ postinstall references only existing workspace packages (10.4726ms)
✔ workspace bin entries use checked-in targets so pnpm can link them before postinstall (15.2125ms)
✔ root workspace depends on the daemon package so pnpm exec resolves the readable bin (2.7911ms)
✔ postinstall builds workspace packages whose linkable bins delegate to dist (26.4408ms)
✔ product-neutrality check rejects named orchestrator examples on public surfaces (2.6035ms)
✔ product-neutrality check covers web App Router public copy (0.5876ms)
✔ product-neutrality check supports local forbidden terms without committing them (0.35ms)
✔ product-neutrality check ignores out-of-scope paths (1.8395ms)
▶ daemon windows footgun collector
  ✔ flags daemon tests that create real /tmp filesystem paths (1.8674ms)
  ✔ flags daemon source that exits immediately after awaiting filesystem cleanup (0.3761ms)
  ✔ does not flag semantic fixture strings that are not filesystem paths (0.3929ms)
  ✔ does not flag process.exit(0) in help text that is not after await (0.3251ms)
✔ daemon windows footgun collector (4.0868ms)
✔ collectCssNamedColorMatches finds named colors inside CSS shorthands and functions (4.9914ms)
✔ collectCssNamedColorMatches covers mixed-case and full CSS named colors (0.6567ms)
✔ collectCssNamedColorMatches keeps CSS-wide special keywords exempt (0.3097ms)
✔ collectCssNamedColorMatches skips strings, comments, urls, and var references (0.8608ms)
✔ collectCssHardcodedColorMatches scans CSS var fallbacks (0.7239ms)
✔ collectCssHardcodedColorMatches finds CSS colors in declaration values (0.4536ms)
✔ collectCssEmptyVarFunctionMatches finds invalid empty CSS var functions (0.9343ms)
✔ collectCssEmptyVarFunctionMatches ignores comments, strings, and valid var references (0.4654ms)
✔ collectCssEncodedHexColorMatches ignores comments and strings (0.702ms)
✔ style policy flags encoded hex only outside CSS comments and strings (1.3961ms)
✔ style policy keeps SettingsDialog legacy fallbacks narrow (6.4921ms)
✔ style policy catches quoted named colors in enforced TSX paths (1.052ms)
✔ style policy ignores TS comments and non-style named color strings (0.4058ms)
✔ rejects stale design-system identity (0.6217ms)
✔ theme recipe guard reports missing import, token, selector, and semantic source (2.2971ms)
✔ theme recipe guard accepts the registered canvas composition only with every semantic recipe source (1.5329ms)
✔ theme parity requires the theme selector to match the file theme id (1.3259ms)
ℹ tests 54
ℹ suites 1
ℹ pass 54
ℹ fail 0
ℹ cancelled 0
ℹ skipped 0
ℹ todo 0
ℹ duration_ms 2809.7261
